🧪 Testing VNPay Signature Generation (LOCALHOST ONLY)
Purpose: Check if our signature method is correct
======================================================================
📊 Test Parameters:
Amount (millions): 21.49
Amount (VND): 21490000
Order Number: ORD1751461951332
Create Date: 20250702201231
======================================================================
📋 Sorted Parameters:
vnp_Amount: 21490000
vnp_Command: pay
vnp_CreateDate: 20250702201231
vnp_CurrCode: VND
vnp_IpAddr: 127.0.0.1
vnp_Locale: vn
vnp_OrderInfo: Thanh toan cho don hang ORD1751461951332
vnp_OrderType: other
vnp_ReturnUrl: http://localhost:3001/api/orders/payment/callback/vnpay
vnp_TmnCode: KP8TH6X1
vnp_TxnRef: ORD1751461951332
vnp_Version: 2.1.0
======================================================================
🔑 Method 1: querystring.stringify (OLD PROJECT METHOD)
Sign Data: vnp_Amount=21490000&vnp_Command=pay&vnp_CreateDate=20250702201231&vnp_CurrCode=VND&vnp_IpAddr=127.0.0.1&vnp_Locale=vn&vnp_OrderInfo=Thanh toan cho don hang ORD1751461951332&vnp_OrderType=other&vnp_ReturnUrl=http://localhost:3001/api/orders/payment/callback/vnpay&vnp_TmnCode=KP8TH6X1&vnp_TxnRef=ORD1751461951332&vnp_Version=2.1.0
Signature: e198b179e85d8714eded75a2c52c1bbcd6229a0737c533e912dff29dc9a6deb78d45368d01e57ac552a0d754cbaa4b87478b664271976040574f791285a75f92
======================================================================
🔧 Method 2: Manual build (PREVIOUS METHOD)
Sign Data: vnp_Amount=21490000&vnp_Command=pay&vnp_CreateDate=20250702201231&vnp_CurrCode=VND&vnp_IpAddr=127.0.0.1&vnp_Locale=vn&vnp_OrderInfo=Thanh toan cho don hang ORD1751461951332&vnp_OrderType=other&vnp_ReturnUrl=http://localhost:3001/api/orders/payment/callback/vnpay&vnp_TmnCode=KP8TH6X1&vnp_TxnRef=ORD1751461951332&vnp_Version=2.1.0
Signature: e198b179e85d8714eded75a2c52c1bbcd6229a0737c533e912dff29dc9a6deb78d45368d01e57ac552a0d754cbaa4b87478b664271976040574f791285a75f92
======================================================================
🎯 FINAL PAYMENT URL (Method 1):
https://sandbox.vnpayment.vn/paymentv2/vpcpay.html?vnp_Amount=21490000&vnp_Command=pay&vnp_CreateDate=20250702201231&vnp_CurrCode=VND&vnp_IpAddr=127.0.0.1&vnp_Locale=vn&vnp_OrderInfo=Thanh%20toan%20cho%20don%20hang%20ORD1751461951332&vnp_OrderType=other&vnp_ReturnUrl=http%3A%2F%2Flocalhost%3A3001%2Fapi%2Forders%2Fpayment%2Fcallback%2Fvnpay&vnp_TmnCode=KP8TH6X1&vnp_TxnRef=ORD1751461951332&vnp_Version=2.1.0&vnp_SecureHash=e198b179e85d8714eded75a2c52c1bbcd6229a0737c533e912dff29dc9a6deb78d45368d01e57ac552a0d754cbaa4b87478b664271976040574f791285a75f92
======================================================================
📊 COMPARISON:
Method 1 (querystring): e198b179e85d8714eded75a2c52c1bbcd6229a0737c533e912dff29dc9a6deb78d45368d01e57ac552a0d754cbaa4b87478b664271976040574f791285a75f92
Method 2 (manual): e198b179e85d8714eded75a2c52c1bbcd6229a0737c533e912dff29dc9a6deb78d45368d01e57ac552a0d754cbaa4b87478b664271976040574f791285a75f92
Are they same? ✅ YES
======================================================================
✅ Both methods produce same signature!

🎯 NEXT STEPS:
1. Try the payment URL above in browser
2. If no Error 70, our signature method is correct
3. If still Error 70, check VNPay configuration
